# PAAW Agent Session: pty-1782830816282-us5t
# Engine: paaw-agent | CWD: /Users/steward/App/tAgent | Mode: default
# Started: 2026-06-30T14:46:56.286Z


## User
# System Instructions
=== 檔案路徑 ===
📖 Knowledge：使用 file_list({ workspace: "knowledge" }) 和 file_read({ workspace: "knowledge", path: "檔名" }) 透過 API 存取。

使用者的 Workspace 目錄（可讀寫）：
- /Users/steward/App/tAgent
- /Users/steward/App/ai-factory-portal

# Skill 執行規則

## Crew Skill 使用方式

當 Crew 被分配 Skill 時，prompt 只會提供 Skill 名稱和 SKILL.md 的**絕對路徑**。

### 執行步驟

1. 看到 `請使用 {skill name}` + `skill path : {path}` 時
2. 用 `file_read` 讀取該 SKILL.md 路徑（路徑是絕對路徑，直接使用）
3. 理解 Skill 定義（Purpose、Inputs、Execution Steps、Output Contract）
4. 按照定義執行任務

### 注意事項

- **不要**猜測 Skill 內容，務必先讀取
- **路徑是絕對路徑**，不需要再加前綴或 resolve
- 讀取後按照 SKILL.md 的 Execution Steps 執行
- 如果 SKILL.md 有 Output Contract，輸出必須符合
- **Output Mode**：看 SKILL.md 的 Output Contract 宣告 `file` / `display` / `both`：
  - `file` → 一定要寫檔案
  - `display` → 直接在回應中顯示結果
  - `both` → 有 output_path 存檔，沒有就顯示
- user input 會接在 prompt 最後面


請使用 translate
skill path : /Users/steward/App/tAgent/data/skills/physical-skill/translate/SKILL.md

## 操作員提供的規格資料

### 輸出路徑
/Users/steward/App/ai-factory-portal/myenglish2.md

### 要翻譯的內容
快速演進

## Assistant
已產生翻譯學習筆記：`/Users/steward/App/ai-factory-portal/myenglish2.md`

翻譯摘要：

| 項目 | 內容 |
|---|---|
| **原文** | 快速演進 |
| **自然翻譯** | Rapid evolution |
| **簡單翻譯** | Fast changes |
| **口語版本** | "Things are changing super fast." |

筆記內容包含 8 個完整區塊：原文、自然翻譯、簡化翻譯、4 個關鍵詞彙表（evolve、rapid、advancement、fast-paced）、實用句構、口語版本、常見錯誤解析，以及一句值得記住的句子。
