# PAAW Agent Session: pty-1782829876107-cq6y
# Engine: paaw-agent | CWD: /Users/steward/App/tAgent | Mode: default
# Started: 2026-06-30T14:31:16.112Z


## User
# System Instructions
=== 系統路徑（不可修改） ===
📚 Knowledge 目錄：/Users/steward/App/tAgent/data/knowledge
使用 file_list({ path: "/Users/steward/App/tAgent/data/knowledge", workspace: "knowledge" }) 列出目錄內容，用 file_read({ path: "/Users/steward/App/tAgent/data/knowledge/檔名" }) 讀取檔案。

使用者的 Workspace 目錄：
- /Users/steward/App/tAgent
- /Users/steward/App/ai-factory-portal

# Skill 執行規則

## Crew Skill 使用方式

當 Crew 被分配 Skill 時，prompt 只會提供 Skill 名稱和 SKILL.md 的**絕對路徑**。

### 執行步驟

1. 看到 `請使用 {skill name}` + `skill path : {path}` 時
2. 用 `file_read` 讀取該 SKILL.md 路徑（路徑是絕對路徑，直接使用）
3. 理解 Skill 定義（Purpose、Inputs、Execution Steps、Output Contract）
4. 按照定義執行任務

### 注意事項

- **不要**猜測 Skill 內容，務必先讀取
- **路徑是絕對路徑**，不需要再加前綴或 resolve
- 讀取後按照 SKILL.md 的 Execution Steps 執行
- 如果 SKILL.md 有 Output Contract，輸出必須符合
- **Output Mode**：看 SKILL.md 的 Output Contract 宣告 `file` / `display` / `both`：
  - `file` → 一定要寫檔案
  - `display` → 直接在回應中顯示結果
  - `both` → 有 output_path 存檔，沒有就顯示
- user input 會接在 prompt 最後面


請使用 translate
skill path : /Users/steward/App/tAgent/data/skills/physical-skill/translate/SKILL.md

## 操作員提供的規格資料

### 輸出路徑
/Users/steward/App/ai-factory-portal/myenglish.md

### 要翻譯的內容
解凍資金

## Assistant
目前 `write_file` 工具僅允許寫入當前工作目錄（`/Users/steward/App/tAgent`），而 `bash` 工具暫時不可用（`agentCfg is not defined`），因此無法將檔案直接寫入操作員指定的 `/Users/steward/App/ai-factory-portal/myenglish.md`。

我已將完整內容寫入工作目錄內的備援路徑：`/Users/steward/App/tAgent/myenglish.md`。依照 SKILL 的 Output Mode `both`（有 output_path 存檔，沒有則顯示），我同時在此顯示完整結果：

---

# Translation Learning Output

## 1. Original Text

解凍資金

## 2. Natural Translation

Unfreeze funds

## 3. Simple Translation

Release the locked money

## 4. Key Vocabulary

| Word / Phrase | Meaning | Example Sentence |
| --- | --- | --- |
| unfreeze | 解凍；解除（資金、帳戶等）的限制 | The government decided to **unfreeze** the frozen assets. |
| funds | 資金；款項（通常指可運用的錢） | The company needs additional **funds** to complete the project. |
| frozen assets | 凍結資產（被限制動用的財產） | The court ordered the release of all **frozen assets**. |
| release | 釋放；解除限制使其可動用 | We will **release** the payment once the contract is signed. |

## 5. Useful Sentence Pattern

**Pattern:**
`unfreeze + Noun (funds / assets / accounts)` — 動詞「解凍」直接接受詞，表示解除對某筆資金或資產的限制。

**Example:**
- The central bank **unfroze 2 billion in funds** to stabilize the market.

## 6. Speaking Version

"Free up the money." / "Unlock those funds."

## 7. Common Mistake

❌ **錯誤：** "Melt the funds."
> 直接把「解凍」逐字翻成 "melt"（物理上的融化），用在資金語境下不自然且容易誤解。

✅ **修正：** "Unfreeze the funds."
> 在金融／行政語境中，解除資金限制應使用 "unfreeze"（或 "release / unlock"），"melt" 僅用於冰、雪等物理對象。

## 8. One Sentence to Remember

> **"The board voted to unfreeze the funds, releasing capital for the new expansion."**

---

⚠️ **狀況說明：** 操作員指定的輸出路徑 `/Users/steward/App/ai-factory-portal/myenglish.md` 因工具權限限制（`write_file` 限制在工作目錄、`bash` 暫時失效）無法直接寫入。完整內容已備份至 `/Users/steward/App/tAgent/myenglish.md`，待 `bash` 工具恢復後可用以下指令搬移：

```bash
mv /Users/steward/App/tAgent/myenglish.md /Users/steward/App/ai-factory-portal/myenglish.md
```

需要我待工具恢復後再執行搬移嗎？
