# Coding Session: pty-1785717031517-v9f8
# CLI: shell | CWD: /Users/steward/App/agent-sre | Mode: default
# Started: 2026-08-03T00:30:31.532Z

%                                                                                                                                                                              
 

steward@guowangguanjiadeMac-mini agent-sre % 

steward@guowangguanjiadeMac-mini agent-sre % 

steward@guowangguanjiadeMac-mini agent-sre % 

steward@guowangguanjiadeMac-mini agent-sre % 

steward@guowangguanjiadeMac-mini agent-sre % 

steward@guowangguanjiadeMac-mini agent-sre % 

steward@guowangguanjiadeMac-mini agent-sre % 

steward@guowangguanjiadeMac-mini agent-sre % 

steward@guowangguanjiadeMac-mini agent-sre % 

steward@guowangguanjiadeMac-mini agent-sre % 

steward@guowangguanjiadeMac-mini agent-sre % 

steward@guowangguanjiadeMac-mini agent-sre % 

steward@guowangguanjiadeMac-mini agent-sre % 

steward@guowangguanjiadeMac-mini agent-sre % 

steward@guowangguanjiadeMac-mini agent-sre % 

steward@guowangguanjiadeMac-mini agent-sre % 

steward@guowangguanjiadeMac-mini agent-sre % 

steward@guowangguanjiadeMac-mini agent-sre % 

steward@guowangguanjiadeMac-mini agent-sre % 

steward@guowangguanjiadeMac-mini agent-sre % 

steward@guowangguanjiadeMac-mini agent-sre % 

steward@guowangguanjiadeMac-mini agent-sre % 

steward@guowangguanjiadeMac-mini agent-sre % 

steward@guowangguanjiadeMac-mini agent-sre % 

steward@guowangguanjiadeMac-mini agent-sre % 

steward@guowangguanjiadeMac-mini agent-sre % 

steward@guowangguanjiadeMac-mini agent-sre % 

steward@guowangguanjiadeMac-mini agent-sre % 

steward@guowangguanjiadeMac-mini agent-sre % 

steward@guowangguanjiadeMac-mini agent-sre % 

steward@guowangguanjiadeMac-mini agent-sre % 

steward@guowangguanjiadeMac-mini agent-sre % 

steward@guowangguanjiadeMac-mini agent-sre % 

steward@guowangguanjiadeMac-mini agent-sre % 

steward@guowangguanjiadeMac-mini agent-sre % 

steward@guowangguanjiadeMac-mini agent-sre % 

steward@guowangguanjiadeMac-mini agent-sre % 

steward@guowangguanjiadeMac-mini agent-sre % 

steward@guowangguanjiadeMac-mini agent-sre % 

steward@guowangguanjiadeMac-mini agent-sre % 

steward@guowangguanjiadeMac-mini agent-sre % 

steward@guowangguanjiadeMac-mini agent-sre % 

steward@guowangguanjiadeMac-mini agent-sre % 

steward@guowangguanjiadeMac-mini agent-sre % 

steward@guowangguanjiadeMac-mini agent-sre % 

steward@guowangguanjiadeMac-mini agent-sre % 

steward@guowangguanjiadeMac-mini agent-sre % 

steward@guowangguanjiadeMac-mini agent-sre % 

steward@guowangguanjiadeMac-mini agent-sre % 

steward@guowangguanjiadeMac-mini agent-sre % 

steward@guowangguanjiadeMac-mini agent-sre % 