# PAAW Agent Session: pty-1782829402207-k84j
# Engine: paaw-agent | CWD: /Users/steward/App/tAgent | Mode: default
# Started: 2026-06-30T14:23:22.211Z


## User
# System Instructions
=== 系統路徑（不可修改） ===
📚 Knowledge 目錄：/Users/steward/App/data/knowledge
使用 file_list({ path: "/Users/steward/App/data/knowledge", workspace: "knowledge" }) 列出目錄內容，用 file_read({ path: "/Users/steward/App/data/knowledge/檔名" }) 讀取檔案。

請使用 translate
skill path : /Users/steward/App/tAgent/data/skills/physical-skill/translate/SKILL.md

## 操作員提供的規格資料

### 輸出路徑
/Users/steward/App/ai-factory-portal/myenglish.md

### 要翻譯的內容
解凍資金

## Assistant
I'm unable to write to the target path `/Users/steward/App/ai-factory-portal/myenglish.md` — the `write_file` tool restricts writes to outside the working directory, and the `bash` tool is currently returning a system error (`agentCfg is not defined`).

Per the skill's design, when output cannot be written, I'll display the full result here. Here is your translation learning note:

---

# Translation Learning Output

## 1. Original Text

解凍資金

## 2. Natural Translation

Unfreeze the funds

## 3. Simple Translation

Make the frozen money available again

## 4. Key Vocabulary

| Word / Phrase | Meaning | Example Sentence |
|---|---|---|
| unfreeze | 解除（資金、帳戶）的凍結限制 | The bank agreed to **unfreeze** the account after the customer completed identity verification. |
| frozen funds | 凍結的資金（被鎖住、暫時無法動用的錢） | The **frozen funds** were released to the charity once the investigation concluded. |
| release | 釋放、解除（限制），讓資金恢復可用 | The court decided to **release** the seized assets back to the company. |
| lift the freeze | 解除凍結（正式用語，常用於法律／金融情境） | The regulator promised to **lift the freeze** on the trading account within 48 hours. |

## 5. Useful Sentence Pattern

**Pattern:** `have / get + [object] + past participle` — 表示「使某物被（處理／解除）」

**Example:** We had the funds **unfrozen** by the compliance team before the deadline.

## 6. Speaking Version

"We need to get that money unfrozen." / "Let's free up the frozen cash."

## 7. Common Mistake

❌ **錯誤用法：** "thaw the funds"
直接用 `thaw`（物理上的解凍，如冰、肉類）來形容資金，在英文中聽起來不自然，容易造成混淆。

✅ **正確用法：** "unfreeze the funds" 或 "release the funds"
金融語境中應使用 `unfreeze`（解除凍結限制）或 `release`（釋放）。

## 8. One Sentence to Remember

The court ordered the bank to **unfreeze** the funds immediately.

---

⚠️ **無法寫入指定路徑** `/Users/steward/App/ai-factory-portal/myenglish.md`。原因有二：
1. `write_file` 工具限制只能在當前工作目錄 `/Users/steward/App/tAgent` 內寫入。
2. `bash` 工具目前回傳系統錯誤（`agentCfg is not defined`），無法用 shell 指令繞過。

**建議解法（擇一）：**
- 將輸出路徑改為工作目錄內，例如 `/Users/steward/App/tAgent/myenglish.md`，我可以立刻為你寫入。
- 或將上方內容手動複製存檔至目標路徑。

請問你要我改寫到工作目錄內的路徑嗎？
