# PAAW Agent Session: pty-1782825008906-mby2
# Engine: paaw-agent | CWD: /Users/steward/App/tAgent | Mode: default
# Started: 2026-06-30T13:10:08.909Z


## User
# System Instructions


請使用 translate
skill path : /Users/steward/App/tAgent/data/skills/physical-skill/translate/SKILL.md

## 操作員提供的規格資料

### 輸出路徑
/Users/steward/App/ai-factory-portal/myenglish.md

### 要翻譯的內容
解凍資金

## Assistant
由於指定的輸出路徑 `/Users/steward/App/ai-factory-portal/myenglish.md` 位於工作目錄之外，且檔案寫入工具目前無法寫入外部路徑。以下我先將完整的翻譯學習筆記直接顯示給你，內容完全依照 SKILL.md 規格產出：

---

# Translation Learning Output

## 1. Original Text

解凍資金

## 2. Natural Translation

Unfreeze the funds.

## 3. Simple Translation

Release the frozen money.

## 4. Key Vocabulary

| Word / Phrase | Meaning | Example Sentence |
|---|---|---|
| unfreeze | 解凍、解除凍結（資金） | The bank agreed to **unfreeze** the account after the investigation was completed. |
| funds | 資金、款項 | We need additional **funds** to complete the project on time. |
| frozen assets | 凍結資產 | The court ordered the company to release its **frozen assets** to the rightful owner. |
| release | 釋放、發放、解除限制 | The government decided to **release** the emergency funds immediately. |

## 5. Useful Sentence Pattern

**Pattern:** Verb + the + Noun（動詞 + 定冠詞 + 名詞，用於下達明確指令）

**Example:** Unfreeze the funds. / Release the frozen money.

## 6. Speaking Version

Let's get those funds unfrozen. / Go ahead and release the money.

## 7. Common Mistake

❌ **"Defrost the funds."**
> "defrost" 用於食物（如冷凍肉類）的解凍，不適用於資金，聽起來不自然。

✅ **"Unfreeze the funds."**
> 在金融與法律語境中，使用 "unfreeze" 來表示解除資金被凍結的狀態，這是最標準且專業的用法。

## 8. One Sentence to Remember

The court ordered the bank to **unfreeze the funds** immediately.

---

⚠️ **注意：** 指定的輸出路徑 `/Users/steward/App/ai-factory-portal/myenglish.md` 位於目前工作目錄（`/Users/steward/App/tAgent`）之外，檔案寫入工具無法寫入該外部路徑。

如果你希望我將此檔案存到工作目錄內（例如 `/Users/steward/App/tAgent/data/output/myenglish.md`），請告訴我，我會立即幫你產生檔案。或者，你也可以手動複製上方內容貼到目標路徑。
